============================= test session starts =============================
platform win32 -- Python 3.11.9, pytest-9.0.2, pluggy-1.6.0
rootdir: C:\AI Fusion Labs\X AGENTS\X Agent Factory
plugins: anyio-4.12.0, langsmith-0.6.0
collected 0 items / 1 error

=================================== ERRORS ====================================
______________ ERROR collecting tests/test_kb_library_builder.py ______________
ImportError while importing test module 'C:\AI Fusion Labs\X AGENTS\X Agent Factory\tests\test_kb_library_builder.py'.
Hint: make sure your test modules/packages have valid Python names.
Traceback:
C:\Users\AI Fusion Labs\AppData\Local\Programs\Python\Python311\Lib\importlib\__init__.py:126: in import_module
    return _bootstrap._gcd_import(name[level:], package, level)
           ^^^^^^^^^^^^^^^^^^^^^^^^^^^^^^^^^^^^^^^^^^^^^^^^^^^^
tests\test_kb_library_builder.py:7: in <module>
    from tools.kb_library_builder import KBLibraryBuilder
tools\kb_library_builder.py:18: in <module>
    import tiktoken
E   ModuleNotFoundError: No module named 'tiktoken'
=========================== short test summary info ===========================
ERROR tests/test_kb_library_builder.py
!!!!!!!!!!!!!!!!!!! Interrupted: 1 error during collection !!!!!!!!!!!!!!!!!!!!
============================== 1 error in 0.25s ===============================
